// Jest Snapshot v1, https://goo.gl/fbAQLP

exports[`lexSort() 1`] = `"alor"`;
